// Vitest Snapshot v1, https://vitest.dev/guide/snapshot.html

exports[`QRGenerator Component > matches snapshot 1`] = `
<div>
  <div
    class="min-h-screen bg-gradient-to-r from-indigo-50 via-blue-100 to-indigo-50 flex items-center justify-center p-6"
  >
    <div
      class="bg-white rounded-2xl shadow-xl p-12 w-full max-w-md"
    >
      <h2
        class="text-4xl font-extrabold text-center text-gray-800 mb-10"
      >
        Top-Up QR Code
      </h2>
      <div
        class="flex flex-col items-center bg-white p-8 rounded-lg shadow-lg mb-8"
      >
        <canvas
          data-testid="qrcode-canvas"
        />
      </div>
      <div
        class="mt-6 flex justify-center"
      >
        <button
          class="px-6 py-3 text-lg font-medium text-white bg-blue-600 rounded-lg shadow-lg transform transition duration-300 hover:bg-blue-700 hover:scale-105 focus:outline-none"
        >
          ‚Üê Back to Entry
        </button>
      </div>
    </div>
  </div>
</div>
`;
